// Jest Snapshot v1, https://goo.gl/fbAQLP

exports[`Ruler Component snapshots should match snapshot 1`] = `
.c0 {
  display: block;
  background-color: #e7f1f7;
  height: 1px;
  width: 100%;
}

<Ruler
  direction="horizontal"
>
  <div
    className="c0"
  />
</Ruler>
`;
