// Jest Snapshot v1, https://goo.gl/fbAQLP

exports[`Text Component snapshots should match snapshot 1`] = `
ShallowWrapper {
  Symbol(enzyme.__root__): [Circular],
  Symbol(enzyme.__unrendered__): <Text
    bold={true}
    renderAs="h1"
    size="XXXL"
  >
    Some text in the h1 style
  </Text>,
  Symbol(enzyme.__renderer__): Object {
    "batchedUpdates": [Function],
    "getNode": [Function],
    "render": [Function],
    "simulateEvent": [Function],
    "unmount": [Function],
  },
  Symbol(enzyme.__node__): Object {
    "instance": null,
    "key": undefined,
    "nodeType": "function",
    "props": Object {
      "bold": true,
      "children": "Some text in the h1 style",
      "className": "Text-bbIbrg biTPIt",
      "renderAs": "h1",
      "size": "XXXL",
    },
    "ref": null,
    "rendered": "Some text in the h1 style",
    "type": [Function],
  },
  Symbol(enzyme.__nodes__): Array [
    Object {
      "instance": null,
      "key": undefined,
      "nodeType": "function",
      "props": Object {
        "bold": true,
        "children": "Some text in the h1 style",
        "className": "Text-bbIbrg biTPIt",
        "renderAs": "h1",
        "size": "XXXL",
      },
      "ref": null,
      "rendered": "Some text in the h1 style",
      "type": [Function],
    },
  ],
  Symbol(enzyme.__options__): Object {
    "adapter": ReactSixteenAdapter {
      "options": Object {
        "enableComponentDidUpdateOnSetState": true,
        "lifecycles": Object {
          "componentDidUpdate": Object {
            "onSetState": true,
          },
          "getSnapshotBeforeUpdate": true,
        },
      },
    },
    "attachTo": undefined,
    "hydrateIn": undefined,
  },
}
`;
